D:\prgramm\TandsiWebApp\TandisWebApp\TandisWebApp.csproj : warning NU1510: PackageReference System.Text.Encoding.CodePages will not be pruned. Consider removing this package from your dependencies, as it is likely unnecessary. [D:\prgramm\TandsiWebApp\TandisWebApp.sln]
D:\prgramm\TandsiWebApp\TandisWebApp\TandisWebApp.csproj : warning NU1603: TandisWebApp depends on System.ServiceModel.Primitives (>= 8.2.0) but System.ServiceModel.Primitives 8.2.0 was not found. System.ServiceModel.Primitives 10.0.652802 was resolved instead. [D:\prgramm\TandsiWebApp\TandisWebApp.sln]
C:\Program Files\dotnet\sdk\10.0.103\Current\SolutionFile\ImportAfter\Microsoft.NET.Sdk.Solution.targets(36,5): warning NETSDK1194: The "--output" option isn't supported when building a solution. Specifying a solution-level output path results in all projects copying outputs to the same directory, which can lead to inconsistent builds. [D:\prgramm\TandsiWebApp\TandisWebApp.sln]
D:\prgramm\TandsiWebApp\TandisWebApp\TandisWebApp.csproj : warning NU1510: PackageReference System.Text.Encoding.CodePages will not be pruned. Consider removing this package from your dependencies, as it is likely unnecessary.
D:\prgramm\TandsiWebApp\TandisWebApp\TandisWebApp.csproj : warning NU1603: TandisWebApp depends on System.ServiceModel.Primitives (>= 8.2.0) but System.ServiceModel.Primitives 8.2.0 was not found. System.ServiceModel.Primitives 10.0.652802 was resolved instead.
D:\prgramm\TandsiWebApp\TandisWebApp\Services\TicketService.cs(38,25): warning CS8602: Dereference of a possibly null reference. [D:\prgramm\TandsiWebApp\TandisWebApp\TandisWebApp.csproj]
D:\prgramm\TandsiWebApp\TandisWebApp\Services\TicketService.cs(42,28): warning CS8602: Dereference of a possibly null reference. [D:\prgramm\TandsiWebApp\TandisWebApp\TandisWebApp.csproj]
D:\prgramm\TandsiWebApp\TandisWebApp\Services\TicketService.cs(263,56): warning CS8629: Nullable value type may be null. [D:\prgramm\TandsiWebApp\TandisWebApp\TandisWebApp.csproj]
D:\prgramm\TandsiWebApp\TandisWebApp\Services\TicketService.cs(264,52): warning CS8629: Nullable value type may be null. [D:\prgramm\TandsiWebApp\TandisWebApp\TandisWebApp.csproj]
D:\prgramm\TandsiWebApp\TandisWebApp\Services\AdminAuthService.cs(44,66): warning CS8604: Possible null reference argument for parameter 'stored' in 'bool SecurityHelper.VerifyPassword(string plain, string stored)'. [D:\prgramm\TandsiWebApp\TandisWebApp\TandisWebApp.csproj]
D:\prgramm\TandsiWebApp\TandisWebApp\Controllers\SecurityController.cs(179,34): warning CS8602: Dereference of a possibly null reference. [D:\prgramm\TandsiWebApp\TandisWebApp\TandisWebApp.csproj]
D:\prgramm\TandsiWebApp\TandisWebApp\Controllers\SecurityController.cs(179,34): warning CS8602: Dereference of a possibly null reference. [D:\prgramm\TandsiWebApp\TandisWebApp\TandisWebApp.csproj]
D:\prgramm\TandsiWebApp\TandisWebApp\Controllers\SecurityController.cs(220,41): warning CS8629: Nullable value type may be null. [D:\prgramm\TandsiWebApp\TandisWebApp\TandisWebApp.csproj]
D:\prgramm\TandsiWebApp\TandisWebApp\Controllers\SecurityController.cs(220,72): warning CS8629: Nullable value type may be null. [D:\prgramm\TandsiWebApp\TandisWebApp\TandisWebApp.csproj]
D:\prgramm\TandsiWebApp\TandisWebApp\Services\AdminAuthService.cs(195,57): warning CS8604: Possible null reference argument for parameter 'stored' in 'bool SecurityHelper.VerifyPassword(string plain, string stored)'. [D:\prgramm\TandsiWebApp\TandisWebApp\TandisWebApp.csproj]
D:\prgramm\TandsiWebApp\TandisWebApp\Services\CoachService.cs(65,33): warning CS8602: Dereference of a possibly null reference. [D:\prgramm\TandsiWebApp\TandisWebApp\TandisWebApp.csproj]
D:\prgramm\TandsiWebApp\TandisWebApp\Services\CoachService.cs(65,33): warning CS8601: Possible null reference assignment. [D:\prgramm\TandsiWebApp\TandisWebApp\TandisWebApp.csproj]
D:\prgramm\TandsiWebApp\TandisWebApp\Services\CoachService.cs(66,33): warning CS8601: Possible null reference assignment. [D:\prgramm\TandsiWebApp\TandisWebApp\TandisWebApp.csproj]
D:\prgramm\TandsiWebApp\TandisWebApp\Services\CoachService.cs(67,31): warning CS8601: Possible null reference assignment. [D:\prgramm\TandsiWebApp\TandisWebApp\TandisWebApp.csproj]
D:\prgramm\TandsiWebApp\TandisWebApp\Services\CoachProgramService.cs(271,28): warning CS8600: Converting null literal or possible null value to non-nullable type. [D:\prgramm\TandsiWebApp\TandisWebApp\TandisWebApp.csproj]
D:\prgramm\TandsiWebApp\TandisWebApp\Services\CoachProgramService.cs(362,30): warning CS0168: The variable 'ex' is declared but never used [D:\prgramm\TandsiWebApp\TandisWebApp\TandisWebApp.csproj]
D:\prgramm\TandsiWebApp\TandisWebApp\Services\RegisterService.cs(60,41): warning CS8602: Dereference of a possibly null reference. [D:\prgramm\TandsiWebApp\TandisWebApp\TandisWebApp.csproj]
D:\prgramm\TandsiWebApp\TandisWebApp\Services\RegisterService.cs(62,41): warning CS8602: Dereference of a possibly null reference. [D:\prgramm\TandsiWebApp\TandisWebApp\TandisWebApp.csproj]
D:\prgramm\TandsiWebApp\TandisWebApp\Services\RegisterService.cs(62,41): warning CS8602: Dereference of a possibly null reference. [D:\prgramm\TandsiWebApp\TandisWebApp\TandisWebApp.csproj]
D:\prgramm\TandsiWebApp\TandisWebApp\Services\RegisterService.cs(63,50): warning CS8602: Dereference of a possibly null reference. [D:\prgramm\TandsiWebApp\TandisWebApp\TandisWebApp.csproj]
D:\prgramm\TandsiWebApp\TandisWebApp\Services\RegisterService.cs(66,42): warning CS8602: Dereference of a possibly null reference. [D:\prgramm\TandsiWebApp\TandisWebApp\TandisWebApp.csproj]
D:\prgramm\TandsiWebApp\TandisWebApp\Services\RegisterService.cs(111,31): warning CS8602: Dereference of a possibly null reference. [D:\prgramm\TandsiWebApp\TandisWebApp\TandisWebApp.csproj]
D:\prgramm\TandsiWebApp\TandisWebApp\Services\RegisterService.cs(118,41): warning CS8602: Dereference of a possibly null reference. [D:\prgramm\TandsiWebApp\TandisWebApp\TandisWebApp.csproj]
D:\prgramm\TandsiWebApp\TandisWebApp\Services\RegisterService.cs(120,41): warning CS8602: Dereference of a possibly null reference. [D:\prgramm\TandsiWebApp\TandisWebApp\TandisWebApp.csproj]
D:\prgramm\TandsiWebApp\TandisWebApp\Services\RegisterService.cs(120,41): warning CS8602: Dereference of a possibly null reference. [D:\prgramm\TandsiWebApp\TandisWebApp\TandisWebApp.csproj]
D:\prgramm\TandsiWebApp\TandisWebApp\Services\RegisterService.cs(121,50): warning CS8602: Dereference of a possibly null reference. [D:\prgramm\TandsiWebApp\TandisWebApp\TandisWebApp.csproj]
D:\prgramm\TandsiWebApp\TandisWebApp\Services\RegisterService.cs(124,42): warning CS8602: Dereference of a possibly null reference. [D:\prgramm\TandsiWebApp\TandisWebApp\TandisWebApp.csproj]
D:\prgramm\TandsiWebApp\TandisWebApp\Services\CoachService.cs(136,25): warning CS8602: Dereference of a possibly null reference. [D:\prgramm\TandsiWebApp\TandisWebApp\TandisWebApp.csproj]
D:\prgramm\TandsiWebApp\TandisWebApp\Services\CoachService.cs(140,33): warning CS8602: Dereference of a possibly null reference. [D:\prgramm\TandsiWebApp\TandisWebApp\TandisWebApp.csproj]
D:\prgramm\TandsiWebApp\TandisWebApp\Services\CoachService.cs(140,33): warning CS8601: Possible null reference assignment. [D:\prgramm\TandsiWebApp\TandisWebApp\TandisWebApp.csproj]
D:\prgramm\TandsiWebApp\TandisWebApp\Services\CoachService.cs(141,33): warning CS8601: Possible null reference assignment. [D:\prgramm\TandsiWebApp\TandisWebApp\TandisWebApp.csproj]
D:\prgramm\TandsiWebApp\TandisWebApp\Services\AdminReportService.cs(310,59): warning CS8602: Dereference of a possibly null reference. [D:\prgramm\TandsiWebApp\TandisWebApp\TandisWebApp.csproj]
D:\prgramm\TandsiWebApp\TandisWebApp\Services\CoachService.cs(182,48): warning CS8602: Dereference of a possibly null reference. [D:\prgramm\TandsiWebApp\TandisWebApp\TandisWebApp.csproj]
D:\prgramm\TandsiWebApp\TandisWebApp\Services\CoachService.cs(193,46): warning CS8629: Nullable value type may be null. [D:\prgramm\TandsiWebApp\TandisWebApp\TandisWebApp.csproj]
D:\prgramm\TandsiWebApp\TandisWebApp\Services\RegisterService.cs(478,39): warning CS8602: Dereference of a possibly null reference. [D:\prgramm\TandsiWebApp\TandisWebApp\TandisWebApp.csproj]
D:\prgramm\TandsiWebApp\TandisWebApp\Services\RegisterService.cs(478,39): warning CS8602: Dereference of a possibly null reference. [D:\prgramm\TandsiWebApp\TandisWebApp\TandisWebApp.csproj]
D:\prgramm\TandsiWebApp\TandisWebApp\Services\RegisterService.cs(479,33): warning CS8602: Dereference of a possibly null reference. [D:\prgramm\TandsiWebApp\TandisWebApp\TandisWebApp.csproj]
D:\prgramm\TandsiWebApp\TandisWebApp\Services\RegisterService.cs(479,33): warning CS8602: Dereference of a possibly null reference. [D:\prgramm\TandsiWebApp\TandisWebApp\TandisWebApp.csproj]
D:\prgramm\TandsiWebApp\TandisWebApp\Services\AdminReportService.cs(387,60): warning CS8602: Dereference of a possibly null reference. [D:\prgramm\TandsiWebApp\TandisWebApp\TandisWebApp.csproj]
D:\prgramm\TandsiWebApp\TandisWebApp\Services\RegisterService.cs(511,33): warning CS8602: Dereference of a possibly null reference. [D:\prgramm\TandsiWebApp\TandisWebApp\TandisWebApp.csproj]
D:\prgramm\TandsiWebApp\TandisWebApp\Services\RegisterService.cs(511,33): warning CS8602: Dereference of a possibly null reference. [D:\prgramm\TandsiWebApp\TandisWebApp\TandisWebApp.csproj]
D:\prgramm\TandsiWebApp\TandisWebApp\Services\RegisterService.cs(513,33): warning CS8602: Dereference of a possibly null reference. [D:\prgramm\TandsiWebApp\TandisWebApp\TandisWebApp.csproj]
D:\prgramm\TandsiWebApp\TandisWebApp\Services\RegisterService.cs(513,33): warning CS8602: Dereference of a possibly null reference. [D:\prgramm\TandsiWebApp\TandisWebApp\TandisWebApp.csproj]
D:\prgramm\TandsiWebApp\TandisWebApp\Services\RegisterService.cs(518,42): warning CS8602: Dereference of a possibly null reference. [D:\prgramm\TandsiWebApp\TandisWebApp\TandisWebApp.csproj]
D:\prgramm\TandsiWebApp\TandisWebApp\Services\RegisterService.cs(519,34): warning CS8602: Dereference of a possibly null reference. [D:\prgramm\TandsiWebApp\TandisWebApp\TandisWebApp.csproj]
D:\prgramm\TandsiWebApp\TandisWebApp\Services\CoachService.cs(293,33): warning CS8602: Dereference of a possibly null reference. [D:\prgramm\TandsiWebApp\TandisWebApp\TandisWebApp.csproj]
D:\prgramm\TandsiWebApp\TandisWebApp\Services\CoachService.cs(383,33): warning CS8602: Dereference of a possibly null reference. [D:\prgramm\TandsiWebApp\TandisWebApp\TandisWebApp.csproj]
D:\prgramm\TandsiWebApp\TandisWebApp\Services\CoachService.cs(383,33): warning CS8601: Possible null reference assignment. [D:\prgramm\TandsiWebApp\TandisWebApp\TandisWebApp.csproj]
D:\prgramm\TandsiWebApp\TandisWebApp\Services\CoachService.cs(384,33): warning CS8601: Possible null reference assignment. [D:\prgramm\TandsiWebApp\TandisWebApp\TandisWebApp.csproj]
D:\prgramm\TandsiWebApp\TandisWebApp\Views\Coach\Index.cshtml(80,112): warning CS8629: Nullable value type may be null. [D:\prgramm\TandsiWebApp\TandisWebApp\TandisWebApp.csproj]
D:\prgramm\TandsiWebApp\TandisWebApp\Views\Coach\ProgramDetails.cshtml(100,50): warning CS8602: Dereference of a possibly null reference. [D:\prgramm\TandsiWebApp\TandisWebApp\TandisWebApp.csproj]
D:\prgramm\TandsiWebApp\TandisWebApp\Services\AdminReportService.cs(876,33): warning CS8602: Dereference of a possibly null reference. [D:\prgramm\TandsiWebApp\TandisWebApp\TandisWebApp.csproj]
D:\prgramm\TandsiWebApp\TandisWebApp\Services\AdminReportService.cs(877,33): warning CS8602: Dereference of a possibly null reference. [D:\prgramm\TandsiWebApp\TandisWebApp\TandisWebApp.csproj]
D:\prgramm\TandsiWebApp\TandisWebApp\Services\AdminReportService.cs(886,63): warning CS8602: Dereference of a possibly null reference. [D:\prgramm\TandsiWebApp\TandisWebApp\TandisWebApp.csproj]
D:\prgramm\TandsiWebApp\TandisWebApp\Services\AdminReportService.cs(886,63): warning CS8602: Dereference of a possibly null reference. [D:\prgramm\TandsiWebApp\TandisWebApp\TandisWebApp.csproj]
D:\prgramm\TandsiWebApp\TandisWebApp\Services\AdminReportService.cs(894,66): warning CS8602: Dereference of a possibly null reference. [D:\prgramm\TandsiWebApp\TandisWebApp\TandisWebApp.csproj]
D:\prgramm\TandsiWebApp\TandisWebApp\Services\AdminReportService.cs(1069,31): warning CS8629: Nullable value type may be null. [D:\prgramm\TandsiWebApp\TandisWebApp\TandisWebApp.csproj]

Build succeeded.

D:\prgramm\TandsiWebApp\TandisWebApp\TandisWebApp.csproj : warning NU1510: PackageReference System.Text.Encoding.CodePages will not be pruned. Consider removing this package from your dependencies, as it is likely unnecessary. [D:\prgramm\TandsiWebApp\TandisWebApp.sln]
D:\prgramm\TandsiWebApp\TandisWebApp\TandisWebApp.csproj : warning NU1603: TandisWebApp depends on System.ServiceModel.Primitives (>= 8.2.0) but System.ServiceModel.Primitives 8.2.0 was not found. System.ServiceModel.Primitives 10.0.652802 was resolved instead. [D:\prgramm\TandsiWebApp\TandisWebApp.sln]
C:\Program Files\dotnet\sdk\10.0.103\Current\SolutionFile\ImportAfter\Microsoft.NET.Sdk.Solution.targets(36,5): warning NETSDK1194: The "--output" option isn't supported when building a solution. Specifying a solution-level output path results in all projects copying outputs to the same directory, which can lead to inconsistent builds. [D:\prgramm\TandsiWebApp\TandisWebApp.sln]
D:\prgramm\TandsiWebApp\TandisWebApp\TandisWebApp.csproj : warning NU1510: PackageReference System.Text.Encoding.CodePages will not be pruned. Consider removing this package from your dependencies, as it is likely unnecessary.
D:\prgramm\TandsiWebApp\TandisWebApp\TandisWebApp.csproj : warning NU1603: TandisWebApp depends on System.ServiceModel.Primitives (>= 8.2.0) but System.ServiceModel.Primitives 8.2.0 was not found. System.ServiceModel.Primitives 10.0.652802 was resolved instead.
D:\prgramm\TandsiWebApp\TandisWebApp\Services\TicketService.cs(38,25): warning CS8602: Dereference of a possibly null reference. [D:\prgramm\TandsiWebApp\TandisWebApp\TandisWebApp.csproj]
D:\prgramm\TandsiWebApp\TandisWebApp\Services\TicketService.cs(42,28): warning CS8602: Dereference of a possibly null reference. [D:\prgramm\TandsiWebApp\TandisWebApp\TandisWebApp.csproj]
D:\prgramm\TandsiWebApp\TandisWebApp\Services\TicketService.cs(263,56): warning CS8629: Nullable value type may be null. [D:\prgramm\TandsiWebApp\TandisWebApp\TandisWebApp.csproj]
D:\prgramm\TandsiWebApp\TandisWebApp\Services\TicketService.cs(264,52): warning CS8629: Nullable value type may be null. [D:\prgramm\TandsiWebApp\TandisWebApp\TandisWebApp.csproj]
D:\prgramm\TandsiWebApp\TandisWebApp\Services\AdminAuthService.cs(44,66): warning CS8604: Possible null reference argument for parameter 'stored' in 'bool SecurityHelper.VerifyPassword(string plain, string stored)'. [D:\prgramm\TandsiWebApp\TandisWebApp\TandisWebApp.csproj]
D:\prgramm\TandsiWebApp\TandisWebApp\Controllers\SecurityController.cs(179,34): warning CS8602: Dereference of a possibly null reference. [D:\prgramm\TandsiWebApp\TandisWebApp\TandisWebApp.csproj]
D:\prgramm\TandsiWebApp\TandisWebApp\Controllers\SecurityController.cs(179,34): warning CS8602: Dereference of a possibly null reference. [D:\prgramm\TandsiWebApp\TandisWebApp\TandisWebApp.csproj]
D:\prgramm\TandsiWebApp\TandisWebApp\Controllers\SecurityController.cs(220,41): warning CS8629: Nullable value type may be null. [D:\prgramm\TandsiWebApp\TandisWebApp\TandisWebApp.csproj]
D:\prgramm\TandsiWebApp\TandisWebApp\Controllers\SecurityController.cs(220,72): warning CS8629: Nullable value type may be null. [D:\prgramm\TandsiWebApp\TandisWebApp\TandisWebApp.csproj]
D:\prgramm\TandsiWebApp\TandisWebApp\Services\AdminAuthService.cs(195,57): warning CS8604: Possible null reference argument for parameter 'stored' in 'bool SecurityHelper.VerifyPassword(string plain, string stored)'. [D:\prgramm\TandsiWebApp\TandisWebApp\TandisWebApp.csproj]
D:\prgramm\TandsiWebApp\TandisWebApp\Services\CoachService.cs(65,33): warning CS8602: Dereference of a possibly null reference. [D:\prgramm\TandsiWebApp\TandisWebApp\TandisWebApp.csproj]
D:\prgramm\TandsiWebApp\TandisWebApp\Services\CoachService.cs(65,33): warning CS8601: Possible null reference assignment. [D:\prgramm\TandsiWebApp\TandisWebApp\TandisWebApp.csproj]
D:\prgramm\TandsiWebApp\TandisWebApp\Services\CoachService.cs(66,33): warning CS8601: Possible null reference assignment. [D:\prgramm\TandsiWebApp\TandisWebApp\TandisWebApp.csproj]
D:\prgramm\TandsiWebApp\TandisWebApp\Services\CoachService.cs(67,31): warning CS8601: Possible null reference assignment. [D:\prgramm\TandsiWebApp\TandisWebApp\TandisWebApp.csproj]
D:\prgramm\TandsiWebApp\TandisWebApp\Services\CoachProgramService.cs(271,28): warning CS8600: Converting null literal or possible null value to non-nullable type. [D:\prgramm\TandsiWebApp\TandisWebApp\TandisWebApp.csproj]
D:\prgramm\TandsiWebApp\TandisWebApp\Services\CoachProgramService.cs(362,30): warning CS0168: The variable 'ex' is declared but never used [D:\prgramm\TandsiWebApp\TandisWebApp\TandisWebApp.csproj]
D:\prgramm\TandsiWebApp\TandisWebApp\Services\RegisterService.cs(60,41): warning CS8602: Dereference of a possibly null reference. [D:\prgramm\TandsiWebApp\TandisWebApp\TandisWebApp.csproj]
D:\prgramm\TandsiWebApp\TandisWebApp\Services\RegisterService.cs(62,41): warning CS8602: Dereference of a possibly null reference. [D:\prgramm\TandsiWebApp\TandisWebApp\TandisWebApp.csproj]
D:\prgramm\TandsiWebApp\TandisWebApp\Services\RegisterService.cs(62,41): warning CS8602: Dereference of a possibly null reference. [D:\prgramm\TandsiWebApp\TandisWebApp\TandisWebApp.csproj]
D:\prgramm\TandsiWebApp\TandisWebApp\Services\RegisterService.cs(63,50): warning CS8602: Dereference of a possibly null reference. [D:\prgramm\TandsiWebApp\TandisWebApp\TandisWebApp.csproj]
D:\prgramm\TandsiWebApp\TandisWebApp\Services\RegisterService.cs(66,42): warning CS8602: Dereference of a possibly null reference. [D:\prgramm\TandsiWebApp\TandisWebApp\TandisWebApp.csproj]
D:\prgramm\TandsiWebApp\TandisWebApp\Services\RegisterService.cs(111,31): warning CS8602: Dereference of a possibly null reference. [D:\prgramm\TandsiWebApp\TandisWebApp\TandisWebApp.csproj]
D:\prgramm\TandsiWebApp\TandisWebApp\Services\RegisterService.cs(118,41): warning CS8602: Dereference of a possibly null reference. [D:\prgramm\TandsiWebApp\TandisWebApp\TandisWebApp.csproj]
D:\prgramm\TandsiWebApp\TandisWebApp\Services\RegisterService.cs(120,41): warning CS8602: Dereference of a possibly null reference. [D:\prgramm\TandsiWebApp\TandisWebApp\TandisWebApp.csproj]
D:\prgramm\TandsiWebApp\TandisWebApp\Services\RegisterService.cs(120,41): warning CS8602: Dereference of a possibly null reference. [D:\prgramm\TandsiWebApp\TandisWebApp\TandisWebApp.csproj]
D:\prgramm\TandsiWebApp\TandisWebApp\Services\RegisterService.cs(121,50): warning CS8602: Dereference of a possibly null reference. [D:\prgramm\TandsiWebApp\TandisWebApp\TandisWebApp.csproj]
D:\prgramm\TandsiWebApp\TandisWebApp\Services\RegisterService.cs(124,42): warning CS8602: Dereference of a possibly null reference. [D:\prgramm\TandsiWebApp\TandisWebApp\TandisWebApp.csproj]
D:\prgramm\TandsiWebApp\TandisWebApp\Services\CoachService.cs(136,25): warning CS8602: Dereference of a possibly null reference. [D:\prgramm\TandsiWebApp\TandisWebApp\TandisWebApp.csproj]
D:\prgramm\TandsiWebApp\TandisWebApp\Services\CoachService.cs(140,33): warning CS8602: Dereference of a possibly null reference. [D:\prgramm\TandsiWebApp\TandisWebApp\TandisWebApp.csproj]
D:\prgramm\TandsiWebApp\TandisWebApp\Services\CoachService.cs(140,33): warning CS8601: Possible null reference assignment. [D:\prgramm\TandsiWebApp\TandisWebApp\TandisWebApp.csproj]
D:\prgramm\TandsiWebApp\TandisWebApp\Services\CoachService.cs(141,33): warning CS8601: Possible null reference assignment. [D:\prgramm\TandsiWebApp\TandisWebApp\TandisWebApp.csproj]
D:\prgramm\TandsiWebApp\TandisWebApp\Services\AdminReportService.cs(310,59): warning CS8602: Dereference of a possibly null reference. [D:\prgramm\TandsiWebApp\TandisWebApp\TandisWebApp.csproj]
D:\prgramm\TandsiWebApp\TandisWebApp\Services\CoachService.cs(182,48): warning CS8602: Dereference of a possibly null reference. [D:\prgramm\TandsiWebApp\TandisWebApp\TandisWebApp.csproj]
D:\prgramm\TandsiWebApp\TandisWebApp\Services\CoachService.cs(193,46): warning CS8629: Nullable value type may be null. [D:\prgramm\TandsiWebApp\TandisWebApp\TandisWebApp.csproj]
D:\prgramm\TandsiWebApp\TandisWebApp\Services\RegisterService.cs(478,39): warning CS8602: Dereference of a possibly null reference. [D:\prgramm\TandsiWebApp\TandisWebApp\TandisWebApp.csproj]
D:\prgramm\TandsiWebApp\TandisWebApp\Services\RegisterService.cs(478,39): warning CS8602: Dereference of a possibly null reference. [D:\prgramm\TandsiWebApp\TandisWebApp\TandisWebApp.csproj]
D:\prgramm\TandsiWebApp\TandisWebApp\Services\RegisterService.cs(479,33): warning CS8602: Dereference of a possibly null reference. [D:\prgramm\TandsiWebApp\TandisWebApp\TandisWebApp.csproj]
D:\prgramm\TandsiWebApp\TandisWebApp\Services\RegisterService.cs(479,33): warning CS8602: Dereference of a possibly null reference. [D:\prgramm\TandsiWebApp\TandisWebApp\TandisWebApp.csproj]
D:\prgramm\TandsiWebApp\TandisWebApp\Services\AdminReportService.cs(387,60): warning CS8602: Dereference of a possibly null reference. [D:\prgramm\TandsiWebApp\TandisWebApp\TandisWebApp.csproj]
D:\prgramm\TandsiWebApp\TandisWebApp\Services\RegisterService.cs(511,33): warning CS8602: Dereference of a possibly null reference. [D:\prgramm\TandsiWebApp\TandisWebApp\TandisWebApp.csproj]
D:\prgramm\TandsiWebApp\TandisWebApp\Services\RegisterService.cs(511,33): warning CS8602: Dereference of a possibly null reference. [D:\prgramm\TandsiWebApp\TandisWebApp\TandisWebApp.csproj]
D:\prgramm\TandsiWebApp\TandisWebApp\Services\RegisterService.cs(513,33): warning CS8602: Dereference of a possibly null reference. [D:\prgramm\TandsiWebApp\TandisWebApp\TandisWebApp.csproj]
D:\prgramm\TandsiWebApp\TandisWebApp\Services\RegisterService.cs(513,33): warning CS8602: Dereference of a possibly null reference. [D:\prgramm\TandsiWebApp\TandisWebApp\TandisWebApp.csproj]
D:\prgramm\TandsiWebApp\TandisWebApp\Services\RegisterService.cs(518,42): warning CS8602: Dereference of a possibly null reference. [D:\prgramm\TandsiWebApp\TandisWebApp\TandisWebApp.csproj]
D:\prgramm\TandsiWebApp\TandisWebApp\Services\RegisterService.cs(519,34): warning CS8602: Dereference of a possibly null reference. [D:\prgramm\TandsiWebApp\TandisWebApp\TandisWebApp.csproj]
D:\prgramm\TandsiWebApp\TandisWebApp\Services\CoachService.cs(293,33): warning CS8602: Dereference of a possibly null reference. [D:\prgramm\TandsiWebApp\TandisWebApp\TandisWebApp.csproj]
D:\prgramm\TandsiWebApp\TandisWebApp\Services\CoachService.cs(383,33): warning CS8602: Dereference of a possibly null reference. [D:\prgramm\TandsiWebApp\TandisWebApp\TandisWebApp.csproj]
D:\prgramm\TandsiWebApp\TandisWebApp\Services\CoachService.cs(383,33): warning CS8601: Possible null reference assignment. [D:\prgramm\TandsiWebApp\TandisWebApp\TandisWebApp.csproj]
D:\prgramm\TandsiWebApp\TandisWebApp\Services\CoachService.cs(384,33): warning CS8601: Possible null reference assignment. [D:\prgramm\TandsiWebApp\TandisWebApp\TandisWebApp.csproj]
D:\prgramm\TandsiWebApp\TandisWebApp\Views\Coach\Index.cshtml(80,112): warning CS8629: Nullable value type may be null. [D:\prgramm\TandsiWebApp\TandisWebApp\TandisWebApp.csproj]
D:\prgramm\TandsiWebApp\TandisWebApp\Views\Coach\ProgramDetails.cshtml(100,50): warning CS8602: Dereference of a possibly null reference. [D:\prgramm\TandsiWebApp\TandisWebApp\TandisWebApp.csproj]
D:\prgramm\TandsiWebApp\TandisWebApp\Services\AdminReportService.cs(876,33): warning CS8602: Dereference of a possibly null reference. [D:\prgramm\TandsiWebApp\TandisWebApp\TandisWebApp.csproj]
D:\prgramm\TandsiWebApp\TandisWebApp\Services\AdminReportService.cs(877,33): warning CS8602: Dereference of a possibly null reference. [D:\prgramm\TandsiWebApp\TandisWebApp\TandisWebApp.csproj]
D:\prgramm\TandsiWebApp\TandisWebApp\Services\AdminReportService.cs(886,63): warning CS8602: Dereference of a possibly null reference. [D:\prgramm\TandsiWebApp\TandisWebApp\TandisWebApp.csproj]
D:\prgramm\TandsiWebApp\TandisWebApp\Services\AdminReportService.cs(886,63): warning CS8602: Dereference of a possibly null reference. [D:\prgramm\TandsiWebApp\TandisWebApp\TandisWebApp.csproj]
D:\prgramm\TandsiWebApp\TandisWebApp\Services\AdminReportService.cs(894,66): warning CS8602: Dereference of a possibly null reference. [D:\prgramm\TandsiWebApp\TandisWebApp\TandisWebApp.csproj]
D:\prgramm\TandsiWebApp\TandisWebApp\Services\AdminReportService.cs(1069,31): warning CS8629: Nullable value type may be null. [D:\prgramm\TandsiWebApp\TandisWebApp\TandisWebApp.csproj]
    62 Warning(s)
    0 Error(s)

Time Elapsed 00:00:19.22
